// Jest Snapshot v1, https://goo.gl/fbAQLP

exports[`#createGroupEntity should convert data 1`] = `
{
  "_class": [
    "UserGroup",
  ],
  "_key": "jamf_group_3",
  "_rawData": [
    {
      "name": "default",
      "rawData": {
        "uploadStatus": "SKIPPED",
        "uploadStatusReason": "Raw data currently disabled for this entity type",
      },
    },
  ],
  "_type": "jamf_group",
  "accessLevel": "Site Access",
  "createdOn": undefined,
  "displayName": "Not all groups have members inside in api",
  "id": "3",
  "name": "Not all groups have members inside in api",
  "privilegeSet": "Custom",
}
`;
