// Jest Snapshot v1, https://goo.gl/fbAQLP

exports[`#createAdminEntity should convert data 1`] = `
{
  "_class": [
    "User",
  ],
  "_key": "jamf_user_1",
  "_rawData": [
    {
      "name": "default",
      "rawData": {
        "uploadStatus": "SKIPPED",
        "uploadStatusReason": "Raw data currently disabled for this entity type",
      },
    },
  ],
  "_type": "jamf_user",
  "accessLevel": "Full Access",
  "active": true,
  "admin": true,
  "createdOn": undefined,
  "directoryUser": false,
  "displayName": "adam.williams",
  "email": "adam.williams@jupiterone.com",
  "emailAddress": "adam.williams@jupiterone.com",
  "enabled": "Enabled",
  "forcePasswordChange": false,
  "fullName": "",
  "id": "1",
  "name": "adam.williams",
  "permissions": [
    "Administrator",
  ],
  "privilegeSet": "Administrator",
  "username": "adam.williams",
}
`;

exports[`#createDeviceUserEntity should convert data 1`] = `
{
  "_class": [
    "User",
  ],
  "_key": "device_user_1",
  "_rawData": [
    {
      "name": "default",
      "rawData": {
        "uploadStatus": "SKIPPED",
        "uploadStatusReason": "Raw data currently disabled for this entity type",
      },
    },
  ],
  "_type": "device_user",
  "active": true,
  "createdOn": undefined,
  "customPhotoUrl": undefined,
  "displayName": "Test",
  "email": "test@gmail.com",
  "emailAddress": "test@gmail.com",
  "enableCustomPhotoUrl": undefined,
  "fullName": "Test User",
  "id": "1",
  "ldapServer": "None",
  "name": "Test",
  "os": [],
  "phoneNumber": "",
  "position": "",
  "totalVppCodeCount": 0,
  "username": "Test",
}
`;
