// Jest Snapshot v1, https://goo.gl/fbAQLP

exports[`#fetchAdminUsers should collect data: jobState 1`] = `
{
  "collectedEntities": [
    {
      "_class": [
        "Account",
      ],
      "_key": "jamf_account_local-integration-instance",
      "_rawData": [
        {
          "name": "default",
          "rawData": {
            "id": "local-integration-instance",
            "name": "Local Integration",
          },
        },
      ],
      "_type": "jamf_account",
      "createdOn": undefined,
      "displayName": "Local Integration",
      "id": "local-integration-instance",
      "name": "Local Integration",
    },
    {
      "_class": [
        "User",
      ],
      "_key": "jamf_user_12",
      "_rawData": [
        {
          "name": "default",
          "rawData": {
            "uploadStatus": "SKIPPED",
            "uploadStatusReason": "Raw data currently disabled for this entity type",
          },
        },
      ],
      "_type": "jamf_user",
      "accessLevel": "Full Access",
      "active": true,
      "admin": true,
      "createdOn": undefined,
      "directoryUser": false,
      "displayName": "adam.pierson",
      "email": "adam.pierson@jupiterone.com",
      "emailAddress": "adam.pierson@jupiterone.com",
      "enabled": "Enabled",
      "forcePasswordChange": false,
      "fullName": "Adam Pierson",
      "id": "12",
      "name": "adam.pierson",
      "permissions": [
        "Administrator",
      ],
      "privilegeSet": "Administrator",
      "username": "adam.pierson",
    },
    {
      "_class": [
        "User",
      ],
      "_key": "jamf_user_1",
      "_rawData": [
        {
          "name": "default",
          "rawData": {
            "uploadStatus": "SKIPPED",
            "uploadStatusReason": "Raw data currently disabled for this entity type",
          },
        },
      ],
      "_type": "jamf_user",
      "accessLevel": "Full Access",
      "active": true,
      "admin": true,
      "createdOn": undefined,
      "directoryUser": false,
      "displayName": "adam.williams",
      "email": "adam.williams@jupiterone.com",
      "emailAddress": "adam.williams@jupiterone.com",
      "enabled": "Enabled",
      "forcePasswordChange": false,
      "fullName": "",
      "id": "1",
      "name": "adam.williams",
      "permissions": [
        "Administrator",
      ],
      "privilegeSet": "Administrator",
      "username": "adam.williams",
    },
    {
      "_class": [
        "User",
      ],
      "_key": "jamf_user_9",
      "_rawData": [
        {
          "name": "default",
          "rawData": {
            "uploadStatus": "SKIPPED",
            "uploadStatusReason": "Raw data currently disabled for this entity type",
          },
        },
      ],
      "_type": "jamf_user",
      "accessLevel": "Full Access",
      "active": true,
      "admin": true,
      "createdOn": undefined,
      "directoryUser": false,
      "displayName": "austin.kelleher",
      "email": "austin.kelleher@jupiterone.com",
      "emailAddress": "austin.kelleher@jupiterone.com",
      "enabled": "Enabled",
      "forcePasswordChange": false,
      "fullName": "Austin Kelleher",
      "id": "9",
      "name": "austin.kelleher",
      "permissions": [
        "Administrator",
      ],
      "privilegeSet": "Administrator",
      "username": "austin.kelleher",
    },
    {
      "_class": [
        "User",
      ],
      "_key": "jamf_user_13",
      "_rawData": [
        {
          "name": "default",
          "rawData": {
            "uploadStatus": "SKIPPED",
            "uploadStatusReason": "Raw data currently disabled for this entity type",
          },
        },
      ],
      "_type": "jamf_user",
      "accessLevel": "Full Access",
      "active": true,
      "admin": true,
      "createdOn": undefined,
      "directoryUser": false,
      "displayName": "chasen.bettinger",
      "email": "chasen.bettinger@jupiterone.com",
      "emailAddress": "chasen.bettinger@jupiterone.com",
      "enabled": "Enabled",
      "forcePasswordChange": false,
      "fullName": "",
      "id": "13",
      "name": "chasen.bettinger",
      "permissions": [
        "Administrator",
      ],
      "privilegeSet": "Administrator",
      "username": "chasen.bettinger",
    },
    {
      "_class": [
        "User",
      ],
      "_key": "jamf_user_3",
      "_rawData": [
        {
          "name": "default",
          "rawData": {
            "uploadStatus": "SKIPPED",
            "uploadStatusReason": "Raw data currently disabled for this entity type",
          },
        },
      ],
      "_type": "jamf_user",
      "accessLevel": "Full Access",
      "active": true,
      "admin": true,
      "createdOn": undefined,
      "directoryUser": false,
      "displayName": "erkang.zheng",
      "email": "erkang.zheng@lifeomic.com",
      "emailAddress": "erkang.zheng@lifeomic.com",
      "enabled": "Enabled",
      "forcePasswordChange": false,
      "fullName": "Erkang Zheng",
      "id": "3",
      "name": "erkang.zheng",
      "permissions": [
        "Administrator",
      ],
      "privilegeSet": "Administrator",
      "username": "erkang.zheng",
    },
    {
      "_class": [
        "User",
      ],
      "_key": "jamf_user_7",
      "_rawData": [
        {
          "name": "default",
          "rawData": {
            "uploadStatus": "SKIPPED",
            "uploadStatusReason": "Raw data currently disabled for this entity type",
          },
        },
      ],
      "_type": "jamf_user",
      "accessLevel": "Full Access",
      "active": true,
      "admin": true,
      "createdOn": undefined,
      "directoryUser": false,
      "displayName": "isaacwilliams",
      "email": "isaac.williams@lifeomic.com",
      "emailAddress": "isaac.williams@lifeomic.com",
      "enabled": "Enabled",
      "forcePasswordChange": false,
      "fullName": "Isaac Williams",
      "id": "7",
      "name": "isaacwilliams",
      "permissions": [
        "Administrator",
      ],
      "privilegeSet": "Administrator",
      "username": "isaacwilliams",
    },
    {
      "_class": [
        "User",
      ],
      "_key": "jamf_user_8",
      "_rawData": [
        {
          "name": "default",
          "rawData": {
            "uploadStatus": "SKIPPED",
            "uploadStatusReason": "Raw data currently disabled for this entity type",
          },
        },
      ],
      "_type": "jamf_user",
      "accessLevel": "Full Access",
      "active": true,
      "admin": true,
      "createdOn": undefined,
      "directoryUser": false,
      "displayName": "jupiterone.dev",
      "email": undefined,
      "emailAddress": "",
      "enabled": "Enabled",
      "forcePasswordChange": false,
      "fullName": "JupiterOne API Development",
      "id": "8",
      "name": "jupiterone.dev",
      "permissions": undefined,
      "privilegeSet": "Custom",
      "username": "jupiterone.dev",
    },
    {
      "_class": [
        "User",
      ],
      "_key": "jamf_user_14",
      "_rawData": [
        {
          "name": "default",
          "rawData": {
            "uploadStatus": "SKIPPED",
            "uploadStatusReason": "Raw data currently disabled for this entity type",
          },
        },
      ],
      "_type": "jamf_user",
      "accessLevel": "Full Access",
      "active": true,
      "admin": true,
      "createdOn": undefined,
      "directoryUser": false,
      "displayName": "max.daum",
      "email": "max.daum@jupiterone.com",
      "emailAddress": "max.daum@jupiterone.com",
      "enabled": "Enabled",
      "forcePasswordChange": false,
      "fullName": "Max Daum",
      "id": "14",
      "name": "max.daum",
      "permissions": undefined,
      "privilegeSet": "Custom",
      "username": "max.daum",
    },
    {
      "_class": [
        "User",
      ],
      "_key": "jamf_user_17",
      "_rawData": [
        {
          "name": "default",
          "rawData": {
            "uploadStatus": "SKIPPED",
            "uploadStatusReason": "Raw data currently disabled for this entity type",
          },
        },
      ],
      "_type": "jamf_user",
      "accessLevel": "Full Access",
      "active": true,
      "admin": true,
      "createdOn": undefined,
      "directoryUser": false,
      "displayName": "my.new.account",
      "email": "stefan@creativice.com",
      "emailAddress": "stefan@creativice.com",
      "enabled": "Enabled",
      "forcePasswordChange": false,
      "fullName": "New Account",
      "id": "17",
      "name": "my.new.account",
      "permissions": undefined,
      "privilegeSet": "Auditor",
      "username": "my.new.account",
    },
    {
      "_class": [
        "User",
      ],
      "_key": "jamf_user_10",
      "_rawData": [
        {
          "name": "default",
          "rawData": {
            "uploadStatus": "SKIPPED",
            "uploadStatusReason": "Raw data currently disabled for this entity type",
          },
        },
      ],
      "_type": "jamf_user",
      "accessLevel": "Full Access",
      "active": true,
      "admin": true,
      "createdOn": undefined,
      "directoryUser": false,
      "displayName": "nick.dowmon",
      "email": "nick.dowmon@jupiterone.com",
      "emailAddress": "nick.dowmon@jupiterone.com",
      "enabled": "Enabled",
      "forcePasswordChange": false,
      "fullName": "",
      "id": "10",
      "name": "nick.dowmon",
      "permissions": [
        "Administrator",
      ],
      "privilegeSet": "Administrator",
      "username": "nick.dowmon",
    },
    {
      "_class": [
        "User",
      ],
      "_key": "jamf_user_15",
      "_rawData": [
        {
          "name": "default",
          "rawData": {
            "uploadStatus": "SKIPPED",
            "uploadStatusReason": "Raw data currently disabled for this entity type",
          },
        },
      ],
      "_type": "jamf_user",
      "accessLevel": "Full Access",
      "active": true,
      "admin": true,
      "createdOn": undefined,
      "directoryUser": false,
      "displayName": "samuel.poulton",
      "email": "samuel.poulton@jupiterone.com",
      "emailAddress": "samuel.poulton@jupiterone.com",
      "enabled": "Enabled",
      "forcePasswordChange": false,
      "fullName": "Samuel Poulton",
      "id": "15",
      "name": "samuel.poulton",
      "permissions": [
        "Administrator",
      ],
      "privilegeSet": "Administrator",
      "username": "samuel.poulton",
    },
    {
      "_class": [
        "User",
      ],
      "_key": "jamf_user_11",
      "_rawData": [
        {
          "name": "default",
          "rawData": {
            "uploadStatus": "SKIPPED",
            "uploadStatusReason": "Raw data currently disabled for this entity type",
          },
        },
      ],
      "_type": "jamf_user",
      "accessLevel": "Full Access",
      "active": true,
      "admin": true,
      "createdOn": undefined,
      "directoryUser": false,
      "displayName": "stefan.virag",
      "email": "stefan@creativice.com",
      "emailAddress": "stefan@creativice.com",
      "enabled": "Enabled",
      "forcePasswordChange": false,
      "fullName": "Stefan Virag",
      "id": "11",
      "name": "stefan.virag",
      "permissions": [
        "Administrator",
      ],
      "privilegeSet": "Administrator",
      "username": "stefan.virag",
    },
    {
      "_class": [
        "User",
      ],
      "_key": "jamf_user_16",
      "_rawData": [
        {
          "name": "default",
          "rawData": {
            "uploadStatus": "SKIPPED",
            "uploadStatusReason": "Raw data currently disabled for this entity type",
          },
        },
      ],
      "_type": "jamf_user",
      "accessLevel": "Full Access",
      "active": true,
      "admin": true,
      "createdOn": undefined,
      "directoryUser": false,
      "displayName": "Wrong_Permissions",
      "email": "paul.ilaga@creativice.com",
      "emailAddress": "paul.ilaga@creativice.com",
      "enabled": "Enabled",
      "forcePasswordChange": false,
      "fullName": "John Doe",
      "id": "16",
      "name": "Wrong_Permissions",
      "permissions": undefined,
      "privilegeSet": "Custom",
      "username": "Wrong_Permissions",
    },
  ],
  "collectedRelationships": [
    {
      "_class": "HAS",
      "_fromEntityKey": "jamf_account_local-integration-instance",
      "_key": "jamf_account_local-integration-instance|has|jamf_user_12",
      "_toEntityKey": "jamf_user_12",
      "_type": "jamf_account_has_user",
      "displayName": "HAS",
    },
    {
      "_class": "HAS",
      "_fromEntityKey": "jamf_account_local-integration-instance",
      "_key": "jamf_account_local-integration-instance|has|jamf_user_1",
      "_toEntityKey": "jamf_user_1",
      "_type": "jamf_account_has_user",
      "displayName": "HAS",
    },
    {
      "_class": "HAS",
      "_fromEntityKey": "jamf_account_local-integration-instance",
      "_key": "jamf_account_local-integration-instance|has|jamf_user_9",
      "_toEntityKey": "jamf_user_9",
      "_type": "jamf_account_has_user",
      "displayName": "HAS",
    },
    {
      "_class": "HAS",
      "_fromEntityKey": "jamf_account_local-integration-instance",
      "_key": "jamf_account_local-integration-instance|has|jamf_user_13",
      "_toEntityKey": "jamf_user_13",
      "_type": "jamf_account_has_user",
      "displayName": "HAS",
    },
    {
      "_class": "HAS",
      "_fromEntityKey": "jamf_account_local-integration-instance",
      "_key": "jamf_account_local-integration-instance|has|jamf_user_3",
      "_toEntityKey": "jamf_user_3",
      "_type": "jamf_account_has_user",
      "displayName": "HAS",
    },
    {
      "_class": "HAS",
      "_fromEntityKey": "jamf_account_local-integration-instance",
      "_key": "jamf_account_local-integration-instance|has|jamf_user_7",
      "_toEntityKey": "jamf_user_7",
      "_type": "jamf_account_has_user",
      "displayName": "HAS",
    },
    {
      "_class": "HAS",
      "_fromEntityKey": "jamf_account_local-integration-instance",
      "_key": "jamf_account_local-integration-instance|has|jamf_user_8",
      "_toEntityKey": "jamf_user_8",
      "_type": "jamf_account_has_user",
      "displayName": "HAS",
    },
    {
      "_class": "HAS",
      "_fromEntityKey": "jamf_account_local-integration-instance",
      "_key": "jamf_account_local-integration-instance|has|jamf_user_14",
      "_toEntityKey": "jamf_user_14",
      "_type": "jamf_account_has_user",
      "displayName": "HAS",
    },
    {
      "_class": "HAS",
      "_fromEntityKey": "jamf_account_local-integration-instance",
      "_key": "jamf_account_local-integration-instance|has|jamf_user_17",
      "_toEntityKey": "jamf_user_17",
      "_type": "jamf_account_has_user",
      "displayName": "HAS",
    },
    {
      "_class": "HAS",
      "_fromEntityKey": "jamf_account_local-integration-instance",
      "_key": "jamf_account_local-integration-instance|has|jamf_user_10",
      "_toEntityKey": "jamf_user_10",
      "_type": "jamf_account_has_user",
      "displayName": "HAS",
    },
    {
      "_class": "HAS",
      "_fromEntityKey": "jamf_account_local-integration-instance",
      "_key": "jamf_account_local-integration-instance|has|jamf_user_15",
      "_toEntityKey": "jamf_user_15",
      "_type": "jamf_account_has_user",
      "displayName": "HAS",
    },
    {
      "_class": "HAS",
      "_fromEntityKey": "jamf_account_local-integration-instance",
      "_key": "jamf_account_local-integration-instance|has|jamf_user_11",
      "_toEntityKey": "jamf_user_11",
      "_type": "jamf_account_has_user",
      "displayName": "HAS",
    },
    {
      "_class": "HAS",
      "_fromEntityKey": "jamf_account_local-integration-instance",
      "_key": "jamf_account_local-integration-instance|has|jamf_user_16",
      "_toEntityKey": "jamf_user_16",
      "_type": "jamf_account_has_user",
      "displayName": "HAS",
    },
  ],
  "encounteredTypes": [
    "jamf_account",
    "jamf_user",
    "jamf_account_has_user",
  ],
  "numCollectedEntities": 14,
  "numCollectedRelationships": 13,
}
`;

exports[`#fetchDeviceUsers should collect data: jobState 1`] = `
{
  "collectedEntities": [
    {
      "_class": [
        "Account",
      ],
      "_key": "jamf_account_local-integration-instance",
      "_rawData": [
        {
          "name": "default",
          "rawData": {
            "id": "local-integration-instance",
            "name": "Local Integration",
          },
        },
      ],
      "_type": "jamf_account",
      "createdOn": undefined,
      "displayName": "Local Integration",
      "id": "local-integration-instance",
      "name": "Local Integration",
    },
    {
      "_class": [
        "User",
      ],
      "_key": "device_user_5",
      "_rawData": [
        {
          "name": "default",
          "rawData": {
            "uploadStatus": "SKIPPED",
            "uploadStatusReason": "Raw data currently disabled for this entity type",
          },
        },
      ],
      "_type": "device_user",
      "active": true,
      "createdOn": undefined,
      "customPhotoUrl": "",
      "displayName": "Heriberto Truby",
      "email": "heriberto.truby@gmail.com",
      "emailAddress": "heriberto.truby@gmail.com",
      "enableCustomPhotoUrl": false,
      "fullName": "",
      "id": "5",
      "ldapServer": "None",
      "name": "Heriberto Truby",
      "os": [],
      "phoneNumber": "",
      "position": "",
      "totalVppCodeCount": 0,
      "username": "Heriberto Truby",
    },
    {
      "_class": [
        "User",
      ],
      "_key": "device_user_4",
      "_rawData": [
        {
          "name": "default",
          "rawData": {
            "uploadStatus": "SKIPPED",
            "uploadStatusReason": "Raw data currently disabled for this entity type",
          },
        },
      ],
      "_type": "device_user",
      "active": true,
      "createdOn": undefined,
      "customPhotoUrl": "",
      "displayName": "Maira Fillman",
      "email": "maira.fillman@gmail.com",
      "emailAddress": "maira.fillman@gmail.com",
      "enableCustomPhotoUrl": false,
      "fullName": "",
      "id": "4",
      "ldapServer": "None",
      "name": "Maira Fillman",
      "os": [],
      "phoneNumber": "",
      "position": "",
      "totalVppCodeCount": 0,
      "username": "Maira Fillman",
    },
    {
      "_class": [
        "User",
      ],
      "_key": "device_user_3",
      "_rawData": [
        {
          "name": "default",
          "rawData": {
            "uploadStatus": "SKIPPED",
            "uploadStatusReason": "Raw data currently disabled for this entity type",
          },
        },
      ],
      "_type": "device_user",
      "active": true,
      "createdOn": undefined,
      "customPhotoUrl": "",
      "displayName": "Rory Overbey",
      "email": "rory.overbey@gmail.com",
      "emailAddress": "rory.overbey@gmail.com",
      "enableCustomPhotoUrl": false,
      "fullName": "",
      "id": "3",
      "ldapServer": "None",
      "name": "Rory Overbey",
      "os": [],
      "phoneNumber": "",
      "position": "",
      "totalVppCodeCount": 0,
      "username": "Rory Overbey",
    },
    {
      "_class": [
        "User",
      ],
      "_key": "device_user_6",
      "_rawData": [
        {
          "name": "default",
          "rawData": {
            "uploadStatus": "SKIPPED",
            "uploadStatusReason": "Raw data currently disabled for this entity type",
          },
        },
      ],
      "_type": "device_user",
      "active": true,
      "createdOn": undefined,
      "customPhotoUrl": "",
      "displayName": "erkang.zheng",
      "email": "erkang.zheng@lifeomic.com",
      "emailAddress": "erkang.zheng@lifeomic.com",
      "enableCustomPhotoUrl": false,
      "fullName": "Erkang Zheng",
      "id": "6",
      "ldapServer": "None",
      "name": "erkang.zheng",
      "os": [
        "macOS",
      ],
      "phoneNumber": "9195228915",
      "position": "CISO",
      "totalVppCodeCount": 0,
      "username": "erkang.zheng",
    },
    {
      "_class": [
        "User",
      ],
      "_key": "device_user_7",
      "_rawData": [
        {
          "name": "default",
          "rawData": {
            "uploadStatus": "SKIPPED",
            "uploadStatusReason": "Raw data currently disabled for this entity type",
          },
        },
      ],
      "_type": "device_user",
      "active": true,
      "createdOn": undefined,
      "customPhotoUrl": "",
      "displayName": "j1 test user",
      "email": "stefan@creativice.com",
      "emailAddress": "stefan@creativice.com",
      "enableCustomPhotoUrl": false,
      "fullName": "Test User",
      "id": "7",
      "ldapServer": "None",
      "name": "j1 test user",
      "os": [],
      "phoneNumber": "",
      "position": "",
      "totalVppCodeCount": 0,
      "username": "j1 test user",
    },
  ],
  "collectedRelationships": [
    {
      "_class": "HAS",
      "_fromEntityKey": "jamf_account_local-integration-instance",
      "_key": "jamf_account_local-integration-instance|has|device_user_5",
      "_toEntityKey": "device_user_5",
      "_type": "jamf_account_has_device_user",
      "displayName": "HAS",
    },
    {
      "_class": "HAS",
      "_fromEntityKey": "jamf_account_local-integration-instance",
      "_key": "jamf_account_local-integration-instance|has|device_user_4",
      "_toEntityKey": "device_user_4",
      "_type": "jamf_account_has_device_user",
      "displayName": "HAS",
    },
    {
      "_class": "HAS",
      "_fromEntityKey": "jamf_account_local-integration-instance",
      "_key": "jamf_account_local-integration-instance|has|device_user_3",
      "_toEntityKey": "device_user_3",
      "_type": "jamf_account_has_device_user",
      "displayName": "HAS",
    },
    {
      "_class": "HAS",
      "_fromEntityKey": "jamf_account_local-integration-instance",
      "_key": "jamf_account_local-integration-instance|has|device_user_6",
      "_toEntityKey": "device_user_6",
      "_type": "jamf_account_has_device_user",
      "displayName": "HAS",
    },
    {
      "_class": "HAS",
      "_fromEntityKey": "jamf_account_local-integration-instance",
      "_key": "jamf_account_local-integration-instance|has|device_user_7",
      "_toEntityKey": "device_user_7",
      "_type": "jamf_account_has_device_user",
      "displayName": "HAS",
    },
  ],
  "encounteredTypes": [
    "jamf_account",
    "device_user",
    "jamf_account_has_device_user",
  ],
  "numCollectedEntities": 6,
  "numCollectedRelationships": 5,
}
`;
